alex@UchidaGPU:~$ lsblk
NAME   MAJ:MIN RM   SIZE RO TYPE MOUNTPOINT
sdb      8:16   0   3.7T  0 disk 
├─sdb2   8:18   0   3.6T  0 part 
├─sdb3   8:19   0     8G  0 part 
└─sdb1   8:17   0     1M  0 part 
sr0     11:0    1  1024M  0 rom  
sdc      8:32   0   1.8T  0 disk 
└─sdc1   8:33   0   1.8T  0 part /media/alex/TOSHIBA EXT
sda      8:0    0 931.5G  0 disk 
├─sda2   8:2    0 899.1G  0 part /
├─sda3   8:3    0  31.9G  0 part [SWAP]
└─sda1   8:1    0   512M  0 part /boot/efi
alex@UchidaGPU:~$ cd ..
alex@UchidaGPU:/home$ cd ..
alex@UchidaGPU:/$ ls
bin    dev         initrd.img.old  lost+found  proc  snap  usr
boot   etc         lib             media       root  srv   var
cdrom  home        lib32           mnt         run   sys   vmlinuz
core   initrd.img  lib64           opt         sbin  tmp   vmlinuz.old
alex@UchidaGPU:/$ cd media/alex/
alex@UchidaGPU:/media/alex$ ls
DataDrive  noveltydisk  TOSHIBA EXT
alex@UchidaGPU:/media/alex$ sudo mount dev/sdb2 /media/alex/noveltydisk
[sudo] password for alex: 
mount: special device dev/sdb2 does not exist
alex@UchidaGPU:/media/alex$ lsblk
NAME   MAJ:MIN RM   SIZE RO TYPE MOUNTPOINT
sdb      8:16   0   3.7T  0 disk 
├─sdb2   8:18   0   3.6T  0 part 
├─sdb3   8:19   0     8G  0 part 
└─sdb1   8:17   0     1M  0 part 
sr0     11:0    1  1024M  0 rom  
sdc      8:32   0   1.8T  0 disk 
└─sdc1   8:33   0   1.8T  0 part 
sda      8:0    0 931.5G  0 disk 
├─sda2   8:2    0 899.1G  0 part /
├─sda3   8:3    0  31.9G  0 part [SWAP]
└─sda1   8:1    0   512M  0 part /boot/efi
alex@UchidaGPU:/media/alex$ sudo mount /dev/sdb2 /media/alex/noveltydisk
alex@UchidaGPU:/media/alex$ docker ps -a
CONTAINER ID        IMAGE               COMMAND                  CREATED             STATUS                      PORTS               NAMES
5887862b0802        hello-world         "/hello"                 6 hours ago         Exited (0) 6 hours ago                          cranky_varahamihira
bd5ab139811e        alex:deepcut        "tini -- /bin/sh -c …"   10 days ago         Exited (143) 12 hours ago                       gpu1novelty
f99d3f79fd54        hello-world         "/hello"                 3 months ago        Exited (0) 3 months ago                         quizzical_kowalevski
alex@UchidaGPU:/media/alex$ docker start gpu1novelty 
gpu1novelty
alex@UchidaGPU:/media/alex$ docker exec -it gpu1novelty /bin/bash
root@bd5ab139811e:/opt/caffe# ls
build            CONTRIBUTORS.md  include                  matlab     src
caffe.cloc       data             INSTALL.md               models     tools
cmake            docker           LICENSE                  python
CMakeLists.txt   docs             Makefile                 README.md
CONTRIBUTING.md  examples         Makefile.config.example  scripts
root@bd5ab139811e:/opt/caffe# cd
root@bd5ab139811e:~# cd..
bash: cd..: command not found
root@bd5ab139811e:~# cd ..
root@bd5ab139811e:/# ls
bin   dev  home     lib    media  opt   root  sbin  sys  usr
boot  etc  jupyter  lib64  mnt    proc  run   srv   tmp  var
root@bd5ab139811e:/# cd media/alex/noveltydisk/
DeepLabCut/        DLCNbackup/        .Trash-1000/       
DeepLabCutNovelty/ EvaluationCode/    Videos/            
root@bd5ab139811e:/# cd media/alex/noveltydisk/EvaluationCode/
root@bd5ab139811e:/media/alex/noveltydisk/EvaluationCode# 
root@bd5ab139811e:/media/alex/noveltydisk/EvaluationCode# 
root@bd5ab139811e:/media/alex/noveltydisk/EvaluationCode# ls
auxfun.py      Makeplots.py                RunAnalysisoverVideos.py
getffstuff.py  pose-tensorflow-customized
rVideos.py 39811e:/media/alex/noveltydisk/EvaluationCode# python3 RunAnalysisover
I tensorflow/stream_executor/dso_loader.cc:135] successfully opened CUDA library libcublas.so.8.0 locally
I tensorflow/stream_executor/dso_loader.cc:135] successfully opened CUDA library libcudnn.so.5 locally
root@bd5ab139811e:/media/alex/noveltydisk/EvaluationCode# 

